◇ injected env (6) from .env // tip: ⌘ multiple files { path: ['.env.local', '.env'] }
[2026-06-24 18:07:02] [[32m[32minfo[32m[39m] [dgs-seo-api] Serveur démarré sur http://localhost:3000 {"env":"development","port":3000}
[2026-06-24 18:07:02] [[32m[32minfo[32m[39m] [dgs-seo-api] [PURGE] Tâche planifiée — exécution chaque jour à 02:00 UTC
[2026-06-24 18:07:08] [[33m[33mwarn[33m[39m] [dgs-seo-api] [ROUTE_NOT_FOUND] Route introuvable : GET /api/health {"path":"/api/health","statusCode":404}
[2026-06-24 18:07:08] [[33m[33mwarn[33m[39m] [dgs-seo-api] GET /api/health — 404 — 28ms {"method":"GET","path":"/api/health","status":404,"duration_ms":28,"ip":"::1"}
[2026-06-24 18:08:12] [[32m[32minfo[32m[39m] [dgs-seo-api] Connexion réussie {"userId":8}
[2026-06-24 18:08:12] [[32m[32minfo[32m[39m] [dgs-seo-api] POST /api/auth/connexion — 200 — 407ms {"method":"POST","path":"/api/auth/connexion","status":200,"duration_ms":407,"ip":"::1"}
[2026-06-24 18:08:20] [[32m[32minfo[32m[39m] [dgs-seo-api] GET /api/projets — 200 — 117ms {"method":"GET","path":"/api/projets","status":200,"duration_ms":117,"ip":"::1"}
[2026-06-24 18:08:28] [[32m[32minfo[32m[39m] [dgs-seo-api] POST /api/projets — 201 — 124ms {"method":"POST","path":"/api/projets","status":201,"duration_ms":124,"ip":"::1"}
[2026-06-24 18:08:37] [[32m[32minfo[32m[39m] [dgs-seo-api] Site créé {"siteId":11,"url":"https://seneweb.com"}
[2026-06-24 18:08:37] [[32m[32minfo[32m[39m] [dgs-seo-api] POST /api/sites — 201 — 138ms {"method":"POST","path":"/api/sites","status":201,"duration_ms":138,"ip":"::1"}
[2026-06-24 18:08:47] [[32m[32minfo[32m[39m] [dgs-seo-api] [Audit #13] Démarrage du crawl → https://seneweb.com {"auditId":13}
[2026-06-24 18:08:47] [[32m[32minfo[32m[39m] [dgs-seo-api] [Audit #13] Config : max_pages=500, delay=500ms, workers=5 {"auditId":13}
[2026-06-24 18:08:47] [[32m[32minfo[32m[39m] [dgs-seo-api] [Audit #13] Tentative 1/2 — crawl en cours… {"auditId":13}
[2026-06-24 18:08:47] [[32m[32minfo[32m[39m] [dgs-seo-api] Audit lancé {"auditId":13,"siteId":11,"url":"https://seneweb.com"}
[2026-06-24 18:08:47] [[32m[32minfo[32m[39m] [dgs-seo-api] POST /api/sites/11/audits — 202 — 147ms {"method":"POST","path":"/api/sites/11/audits","status":202,"duration_ms":147,"ip":"::1"}
[2026-06-24 18:10:11] [[32m[32minfo[32m[39m] [dgs-seo-api] GET /api/sites/11/audits/13 — 200 — 9ms {"method":"GET","path":"/api/sites/11/audits/13","status":200,"duration_ms":9,"ip":"::1"}
[2026-06-24 18:10:26] [[32m[32minfo[32m[39m] [dgs-seo-api] GET /api/sites/11/audits/13 — 200 — 6ms {"method":"GET","path":"/api/sites/11/audits/13","status":200,"duration_ms":6,"ip":"::1"}
[2026-06-24 18:10:41] [[32m[32minfo[32m[39m] [dgs-seo-api] GET /api/sites/11/audits/13 — 200 — 6ms {"method":"GET","path":"/api/sites/11/audits/13","status":200,"duration_ms":6,"ip":"::1"}
[2026-06-24 18:10:56] [[32m[32minfo[32m[39m] [dgs-seo-api] GET /api/sites/11/audits/13 — 200 — 7ms {"method":"GET","path":"/api/sites/11/audits/13","status":200,"duration_ms":7,"ip":"::1"}
[2026-06-24 18:11:12] [[32m[32minfo[32m[39m] [dgs-seo-api] GET /api/sites/11/audits/13 — 200 — 6ms {"method":"GET","path":"/api/sites/11/audits/13","status":200,"duration_ms":6,"ip":"::1"}
[2026-06-24 18:11:27] [[32m[32minfo[32m[39m] [dgs-seo-api] GET /api/sites/11/audits/13 — 200 — 6ms {"method":"GET","path":"/api/sites/11/audits/13","status":200,"duration_ms":6,"ip":"::1"}
[2026-06-24 18:11:42] [[32m[32minfo[32m[39m] [dgs-seo-api] GET /api/sites/11/audits/13 — 200 — 6ms {"method":"GET","path":"/api/sites/11/audits/13","status":200,"duration_ms":6,"ip":"::1"}
[2026-06-24 18:11:57] [[32m[32minfo[32m[39m] [dgs-seo-api] GET /api/sites/11/audits/13 — 200 — 5ms {"method":"GET","path":"/api/sites/11/audits/13","status":200,"duration_ms":5,"ip":"::1"}
[2026-06-24 18:12:12] [[32m[32minfo[32m[39m] [dgs-seo-api] GET /api/sites/11/audits/13 — 200 — 6ms {"method":"GET","path":"/api/sites/11/audits/13","status":200,"duration_ms":6,"ip":"::1"}
[2026-06-24 18:12:27] [[32m[32minfo[32m[39m] [dgs-seo-api] GET /api/sites/11/audits/13 — 200 — 6ms {"method":"GET","path":"/api/sites/11/audits/13","status":200,"duration_ms":6,"ip":"::1"}
[2026-06-24 18:12:42] [[32m[32minfo[32m[39m] [dgs-seo-api] GET /api/sites/11/audits/13 — 200 — 8ms {"method":"GET","path":"/api/sites/11/audits/13","status":200,"duration_ms":8,"ip":"::1"}
[2026-06-24 18:12:57] [[32m[32minfo[32m[39m] [dgs-seo-api] GET /api/sites/11/audits/13 — 200 — 7ms {"method":"GET","path":"/api/sites/11/audits/13","status":200,"duration_ms":7,"ip":"::1"}
[2026-06-24 18:13:12] [[32m[32minfo[32m[39m] [dgs-seo-api] GET /api/sites/11/audits/13 — 200 — 5ms {"method":"GET","path":"/api/sites/11/audits/13","status":200,"duration_ms":5,"ip":"::1"}
[2026-06-24 18:13:27] [[32m[32minfo[32m[39m] [dgs-seo-api] GET /api/sites/11/audits/13 — 200 — 5ms {"method":"GET","path":"/api/sites/11/audits/13","status":200,"duration_ms":5,"ip":"::1"}
[2026-06-24 18:13:42] [[32m[32minfo[32m[39m] [dgs-seo-api] GET /api/sites/11/audits/13 — 200 — 4ms {"method":"GET","path":"/api/sites/11/audits/13","status":200,"duration_ms":4,"ip":"::1"}
[2026-06-24 18:13:57] [[32m[32minfo[32m[39m] [dgs-seo-api] GET /api/sites/11/audits/13 — 200 — 5ms {"method":"GET","path":"/api/sites/11/audits/13","status":200,"duration_ms":5,"ip":"::1"}
[2026-06-24 18:14:12] [[32m[32minfo[32m[39m] [dgs-seo-api] GET /api/sites/11/audits/13 — 200 — 5ms {"method":"GET","path":"/api/sites/11/audits/13","status":200,"duration_ms":5,"ip":"::1"}
[2026-06-24 18:14:27] [[32m[32minfo[32m[39m] [dgs-seo-api] GET /api/sites/11/audits/13 — 200 — 3ms {"method":"GET","path":"/api/sites/11/audits/13","status":200,"duration_ms":3,"ip":"::1"}
[2026-06-24 18:14:42] [[32m[32minfo[32m[39m] [dgs-seo-api] GET /api/sites/11/audits/13 — 200 — 4ms {"method":"GET","path":"/api/sites/11/audits/13","status":200,"duration_ms":4,"ip":"::1"}
[2026-06-24 18:14:57] [[32m[32minfo[32m[39m] [dgs-seo-api] GET /api/sites/11/audits/13 — 200 — 5ms {"method":"GET","path":"/api/sites/11/audits/13","status":200,"duration_ms":5,"ip":"::1"}
[2026-06-24 18:15:12] [[32m[32minfo[32m[39m] [dgs-seo-api] GET /api/sites/11/audits/13 — 200 — 5ms {"method":"GET","path":"/api/sites/11/audits/13","status":200,"duration_ms":5,"ip":"::1"}
[2026-06-24 18:15:27] [[32m[32minfo[32m[39m] [dgs-seo-api] GET /api/sites/11/audits/13 — 200 — 5ms {"method":"GET","path":"/api/sites/11/audits/13","status":200,"duration_ms":5,"ip":"::1"}
[2026-06-24 18:15:42] [[32m[32minfo[32m[39m] [dgs-seo-api] GET /api/sites/11/audits/13 — 200 — 5ms {"method":"GET","path":"/api/sites/11/audits/13","status":200,"duration_ms":5,"ip":"::1"}
[2026-06-24 18:15:58] [[32m[32minfo[32m[39m] [dgs-seo-api] GET /api/sites/11/audits/13 — 200 — 6ms {"method":"GET","path":"/api/sites/11/audits/13","status":200,"duration_ms":6,"ip":"::1"}
[2026-06-24 18:16:13] [[32m[32minfo[32m[39m] [dgs-seo-api] GET /api/sites/11/audits/13 — 200 — 3ms {"method":"GET","path":"/api/sites/11/audits/13","status":200,"duration_ms":3,"ip":"::1"}
[2026-06-24 18:16:28] [[32m[32minfo[32m[39m] [dgs-seo-api] GET /api/sites/11/audits/13 — 200 — 3ms {"method":"GET","path":"/api/sites/11/audits/13","status":200,"duration_ms":3,"ip":"::1"}
[2026-06-24 18:16:43] [[32m[32minfo[32m[39m] [dgs-seo-api] GET /api/sites/11/audits/13 — 200 — 5ms {"method":"GET","path":"/api/sites/11/audits/13","status":200,"duration_ms":5,"ip":"::1"}
[2026-06-24 18:16:58] [[32m[32minfo[32m[39m] [dgs-seo-api] GET /api/sites/11/audits/13 — 200 — 4ms {"method":"GET","path":"/api/sites/11/audits/13","status":200,"duration_ms":4,"ip":"::1"}
[2026-06-24 18:17:13] [[32m[32minfo[32m[39m] [dgs-seo-api] GET /api/sites/11/audits/13 — 200 — 5ms {"method":"GET","path":"/api/sites/11/audits/13","status":200,"duration_ms":5,"ip":"::1"}
[2026-06-24 18:17:28] [[32m[32minfo[32m[39m] [dgs-seo-api] GET /api/sites/11/audits/13 — 200 — 5ms {"method":"GET","path":"/api/sites/11/audits/13","status":200,"duration_ms":5,"ip":"::1"}
[2026-06-24 18:17:40] [[32m[32minfo[32m[39m] [dgs-seo-api] [Audit #13] Crawl OK (tentative 1) : 500 pages, 14 erreur(s), 528287 ms {"auditId":13}
[2026-06-24 18:17:40] [[32m[32minfo[32m[39m] [dgs-seo-api] [Audit #13] Scores — global: 79, technique: 65, domaine: 100 {"auditId":13}
[2026-06-24 18:17:41] [[32m[32minfo[32m[39m] [dgs-seo-api] [Audit #13] Audit terminé avec succès. {"auditId":13}
[2026-06-24 18:17:41] [[32m[32minfo[32m[39m] [dgs-seo-api] [Audit #13] Recommandations : 4 créée(s), 0 dédupliquée(s). {"auditId":13}
[2026-06-24 18:17:43] [[32m[32minfo[32m[39m] [dgs-seo-api] GET /api/sites/11/audits/13 — 200 — 81ms {"method":"GET","path":"/api/sites/11/audits/13","status":200,"duration_ms":81,"ip":"::1"}
[2026-06-24 18:18:57] [[32m[32minfo[32m[39m] [dgs-seo-api] GET /api/sites/11/audits/13 — 200 — 107ms {"method":"GET","path":"/api/sites/11/audits/13","status":200,"duration_ms":107,"ip":"::1"}
[2026-06-24 18:26:11] [[32m[32minfo[32m[39m] [dgs-seo-api] Signal SIGTERM reçu — arrêt gracieux…
[2026-06-24 18:26:11] [[32m[32minfo[32m[39m] [dgs-seo-api] Serveur arrêté.
